%!Adobe-FontList 1.14
%Locale:0x413

%BeginFont
Handler:DirectoryHandler
FontType:Invalid
OutlineFileName:C:\Users\User\OneDrive\My Documents\Create\proto\Font\a.ai
FileModTime:1445960204
%EndFont

%BeginFont
Handler:DirectoryHandler
FontType:Invalid
OutlineFileName:C:\Users\User\OneDrive\My Documents\Create\proto\Font\b.ai
FileModTime:1445458654
%EndFont

%BeginFont
Handler:DirectoryHandler
FontType:Invalid
OutlineFileName:C:\Users\User\OneDrive\My Documents\Create\proto\Font\c.ai
FileModTime:1445960552
%EndFont

%BeginFont
Handler:DirectoryHandler
FontType:Invalid
OutlineFileName:C:\Users\User\OneDrive\My Documents\Create\proto\Font\cs.ai
FileModTime:1445459224
%EndFont

%BeginFont
Handler:DirectoryHandler
FontType:Invalid
OutlineFileName:C:\Users\User\OneDrive\My Documents\Create\proto\Font\d.ai
FileModTime:1445458664
%EndFont

%BeginFont
Handler:DirectoryHandler
FontType:Invalid
OutlineFileName:C:\Users\User\OneDrive\My Documents\Create\proto\Font\e.ai
FileModTime:1445960682
%EndFont

%BeginFont
Handler:DirectoryHandler
FontType:Invalid
OutlineFileName:C:\Users\User\OneDrive\My Documents\Create\proto\Font\f.ai
FileModTime:1445458929
%EndFont

%BeginFont
Handler:DirectoryHandler
FontType:Invalid
OutlineFileName:C:\Users\User\OneDrive\My Documents\Create\proto\Font\g.ai
FileModTime:1445961291
%EndFont

%BeginFont
Handler:DirectoryHandler
FontType:Invalid
OutlineFileName:C:\Users\User\OneDrive\My Documents\Create\proto\Font\h.ai
FileModTime:1445960115
%EndFont

%BeginFont
Handler:DirectoryHandler
FontType:Invalid
OutlineFileName:C:\Users\User\OneDrive\My Documents\Create\proto\Font\i.ai
FileModTime:1445962463
%EndFont

%BeginFont
Handler:DirectoryHandler
FontType:Invalid
OutlineFileName:C:\Users\User\OneDrive\My Documents\Create\proto\Font\ij.ai
FileModTime:1445962198
%EndFont

%BeginFont
Handler:DirectoryHandler
FontType:Invalid
OutlineFileName:C:\Users\User\OneDrive\My Documents\Create\proto\Font\j.ai
FileModTime:1445962201
%EndFont

%BeginFont
Handler:DirectoryHandler
FontType:Invalid
OutlineFileName:C:\Users\User\OneDrive\My Documents\Create\proto\Font\k.ai
FileModTime:1445962411
%EndFont

%BeginFont
Handler:DirectoryHandler
FontType:Invalid
OutlineFileName:C:\Users\User\OneDrive\My Documents\Create\proto\Font\l.ai
FileModTime:1445962434
%EndFont

%BeginFont
Handler:DirectoryHandler
FontType:Invalid
OutlineFileName:C:\Users\User\OneDrive\My Documents\Create\proto\Font\m.ai
FileModTime:1445961679
%EndFont

%BeginFont
Handler:DirectoryHandler
FontType:Invalid
OutlineFileName:C:\Users\User\OneDrive\My Documents\Create\proto\Font\n.ai
FileModTime:1445961440
%EndFont

%BeginFont
Handler:DirectoryHandler
FontType:Invalid
OutlineFileName:C:\Users\User\OneDrive\My Documents\Create\proto\Font\o.ai
FileModTime:1445458246
%EndFont

%BeginFont
Handler:DirectoryHandler
FontType:Invalid
OutlineFileName:C:\Users\User\OneDrive\My Documents\Create\proto\Font\p.ai
FileModTime:1445454104
%EndFont

%BeginFont
Handler:DirectoryHandler
FontType:Invalid
OutlineFileName:C:\Users\User\OneDrive\My Documents\Create\proto\Font\Proto.vfb
FileModTime:1447268172
%EndFont

%BeginFont
Handler:DirectoryHandler
FontType:Invalid
OutlineFileName:C:\Users\User\OneDrive\My Documents\Create\proto\Font\q.ai
FileModTime:1445458698
%EndFont

%BeginFont
Handler:DirectoryHandler
FontType:Invalid
OutlineFileName:C:\Users\User\OneDrive\My Documents\Create\proto\Font\QuickBrownFox.pdf
FileModTime:1445965700
%EndFont

%BeginFont
Handler:DirectoryHandler
FontType:Invalid
OutlineFileName:C:\Users\User\OneDrive\My Documents\Create\proto\Font\r.ai
FileModTime:1445961000
%EndFont

%BeginFont
Handler:DirectoryHandler
FontType:Invalid
OutlineFileName:C:\Users\User\OneDrive\My Documents\Create\proto\Font\s.ai
FileModTime:1445963160
%EndFont

%BeginFont
Handler:DirectoryHandler
FontType:Invalid
OutlineFileName:C:\Users\User\OneDrive\My Documents\Create\proto\Font\t.ai
FileModTime:1445964439
%EndFont

%BeginFont
Handler:DirectoryHandler
FontType:Invalid
OutlineFileName:C:\Users\User\OneDrive\My Documents\Create\proto\Font\the quick brown Fox.ai
FileModTime:1445965619
%EndFont

%BeginFont
Handler:DirectoryHandler
FontType:Invalid
OutlineFileName:C:\Users\User\OneDrive\My Documents\Create\proto\Font\u.ai
FileModTime:1445963263
%EndFont

%BeginFont
Handler:DirectoryHandler
FontType:Invalid
OutlineFileName:C:\Users\User\OneDrive\My Documents\Create\proto\Font\v.ai
FileModTime:1445963375
%EndFont

%BeginFont
Handler:DirectoryHandler
FontType:Invalid
OutlineFileName:C:\Users\User\OneDrive\My Documents\Create\proto\Font\w.ai
FileModTime:1445963478
%EndFont

%BeginFont
Handler:DirectoryHandler
FontType:Invalid
OutlineFileName:C:\Users\User\OneDrive\My Documents\Create\proto\Font\x.ai
FileModTime:1445964145
%EndFont

%BeginFont
Handler:DirectoryHandler
FontType:Invalid
OutlineFileName:C:\Users\User\OneDrive\My Documents\Create\proto\Font\y.ai
FileModTime:1445962474
%EndFont

%BeginFont
Handler:DirectoryHandler
FontType:Invalid
OutlineFileName:C:\Users\User\OneDrive\My Documents\Create\proto\Font\z.ai
FileModTime:1445963105
%EndFont

